// Jest Snapshot v1, https://goo.gl/fbAQLP

exports[`MeetupList Component renders without crashing 1`] = `null`;
