// Jest Snapshot v1, https://goo.gl/fbAQLP

exports[`MeetupSection Component renders without crashing 1`] = `
<div
  className="MeetupSection"
>
  <MeetupList />
</div>
`;
