// Jest Snapshot v1, https://goo.gl/fbAQLP

exports[`Header Component renders without crashing 1`] = `
<nav
  className="Header"
>
  <h1>
    <Link
      to="/meetups"
    >
       
      Circle Time Stats
    </Link>
  </h1>
</nav>
`;
